// Jest Snapshot v1, https://goo.gl/fbAQLP

exports[`<Portfolio /> <Porfolio.Image /> renders an image with populated data from props 1`] = `
<img
  alt="Gretsch Geeks icon"
  class="chakra-image css-1dzvt9d"
  src="/images/gretsch-logo.jpg"
/>
`;

exports[`<Portfolio /> <Portfolio.Button /> renders a button with text 1`] = `
<button
  class="chakra-button css-1a5ti90"
  type="button"
>
  View
</button>
`;

exports[`<Portfolio /> <Portfolio.Item /> renders a button and calls openFeature() on click 1`] = `
<div
  class="css-79elbk"
  role="button"
>
  <div
    class="css-1xhj18k"
    role="group"
  >
    Children
  </div>
</div>
`;

exports[`<Portfolio /> <Portfolio.Text /> renders with populated data from props 1`] = `
<p
  class="chakra-text css-1lzpwia"
>
  An example E-commerce buy-sell platform built with modern React, Apollo 3 and Keystone.js as a headless CMS.
</p>
`;

exports[`<Portfolio /> <Portfolio.Title /> renders with populated data from props 1`] = `
<h3
  class="chakra-heading css-1l30lph"
>
  Gretsch Geeks
</h3>
`;
